30
0 1
1 2
2 3
4 10
4 5
0 6
6 7
7 13
3 9
9 10
5 11
13 19
15 16
16 22
11 17
19 25
15 21
22 28
17 23
24 30
24 25
21 27
28 34
23 29
30 31
31 32
32 33
27 33
34 35
29 35
