16
0 1
1 2
2 3
3 7
7 11
11 15
14 15
13 14
12 13
8 12
4 8
0 4
5 6
6 10
9 10
5 9
